Component: ARM Compiler 5.06 update 1 (build 61) Tool: armlink [4d35a8]

==============================================================================

Section Cross References

    main.o(.text) refers to _printf_pad.o(.text) for _printf_pre_padding
    main.o(.text) refers to _printf_percent.o(.ARM.Collect$$_printf_percent$$00000000) for _printf_percent
    main.o(.text) refers to _printf_f.o(.ARM.Collect$$_printf_percent$$00000003) for _printf_f
    main.o(.text) refers to printf1.o(x$fpl$printf1) for _printf_fp_dec
    main.o(.text) refers to delay.o(.text) for delay_init
    main.o(.text) refers to misc.o(.text) for NVIC_PriorityGroupConfig
    main.o(.text) refers to ds1302.o(.text) for DS1302_Init
    main.o(.text) refers to led.o(.text) for KEY_Init
    main.o(.text) refers to oled.o(.text) for OLED_Init
    main.o(.text) refers to timer.o(.text) for TIM4_Int_Init
    main.o(.text) refers to eeprom.o(.text) for AT24CXX_Init
    main.o(.text) refers to stm32f4xx_rcc.o(.text) for RCC_APB1PeriphClockCmd
    main.o(.text) refers to stm32f4xx_usart.o(.text) for USART_Cmd
    main.o(.text) refers to stm32f4xx_gpio.o(.text) for GPIO_Init
    main.o(.text) refers to __2sprintf.o(.text) for __2sprintf
    main.o(.text) refers to am2302.o(.text) for AM_Read_Data
    main.o(.text) refers to dflt_clz.o(x$fpl$dflt) for __aeabi_i2d
    main.o(.text) refers to ddiv.o(x$fpl$ddiv) for __aeabi_ddiv
    main.o(.text) refers to daddsub_clz.o(x$fpl$dsub) for __aeabi_dsub
    main.o(.text) refers to ks103.o(.text) for KS103_read
    main.o(.text) refers to d2f.o(x$fpl$d2f) for __aeabi_d2f
    main.o(.text) refers to f2d.o(x$fpl$f2d) for __aeabi_f2d
    main.o(.text) refers to bh1750.o(.text) for get_light
    main.o(.text) refers to daddsub_clz.o(x$fpl$dadd) for __aeabi_dadd
    main.o(.text) refers to usart.o(.text) for RS485_Init
    main.o(.text) refers to stm32f4xx_tim.o(.text) for TIM_Cmd
    main.o(.text) refers to voltage.o(.text) for Modbus_init
    main.o(.text) refers to nandflash.o(.constdata) for nand0_drv
    main.o(.text) refers to sensor.o(.text) for Sensor_setAmper
    main.o(.text) refers to ad.o(.text) for Get_Battery_Percentage
    main.o(.text) refers to main.o(.data) for p_Sensor
    main.o(.text) refers to malloc.o(.text) for my_mem_init
    main.o(.text) refers to wakeup.o(.text) for Sys_Enter_Standby
    main.o(.text) refers to timer.o(.data) for timer_count
    system_stm32f4xx.o(.text) refers to system_stm32f4xx.o(.data) for SystemCoreClock
    startup_stm32f429_439xx.o(STACK) refers (Special) to heapauxi.o(.text) for __use_two_region_memory
    startup_stm32f429_439xx.o(HEAP) refers (Special) to heapauxi.o(.text) for __use_two_region_memory
    startup_stm32f429_439xx.o(RESET) refers (Special) to heapauxi.o(.text) for __use_two_region_memory
    startup_stm32f429_439xx.o(RESET) refers to startup_stm32f429_439xx.o(STACK) for __initial_sp
    startup_stm32f429_439xx.o(RESET) refers to startup_stm32f429_439xx.o(.text) for Reset_Handler
    startup_stm32f429_439xx.o(RESET) refers to stm32f4xx_it.o(.text) for NMI_Handler
    startup_stm32f429_439xx.o(RESET) refers to wakeup.o(.text) for EXTI0_IRQHandler
    startup_stm32f429_439xx.o(RESET) refers to timer.o(.text) for TIM2_IRQHandler
    startup_stm32f429_439xx.o(RESET) refers to usart.o(.text) for USART1_IRQHandler
    startup_stm32f429_439xx.o(RESET) refers to voltage.o(.text) for USART2_IRQHandler
    startup_stm32f429_439xx.o(.text) refers (Special) to heapauxi.o(.text) for __use_two_region_memory
    startup_stm32f429_439xx.o(.text) refers to system_stm32f4xx.o(.text) for SystemInit
    startup_stm32f429_439xx.o(.text) refers to __main.o(!!!main) for __main
    startup_stm32f429_439xx.o(.text) refers to startup_stm32f429_439xx.o(HEAP) for Heap_Mem
    startup_stm32f429_439xx.o(.text) refers to startup_stm32f429_439xx.o(STACK) for Stack_Mem
    stm32f4xx_adc.o(.text) refers to stm32f4xx_rcc.o(.text) for RCC_APB2PeriphResetCmd
    stm32f4xx_can.o(.text) refers to stm32f4xx_rcc.o(.text) for RCC_APB1PeriphResetCmd
    stm32f4xx_cryp.o(.text) refers to stm32f4xx_rcc.o(.text) for RCC_AHB2PeriphResetCmd
    stm32f4xx_cryp_aes.o(.text) refers to stm32f4xx_cryp.o(.text) for CRYP_KeyStructInit
    stm32f4xx_cryp_des.o(.text) refers to stm32f4xx_cryp.o(.text) for CRYP_KeyStructInit
    stm32f4xx_cryp_tdes.o(.text) refers to stm32f4xx_cryp.o(.text) for CRYP_KeyStructInit
    stm32f4xx_dac.o(.text) refers to stm32f4xx_rcc.o(.text) for RCC_APB1PeriphResetCmd
    stm32f4xx_dma2d.o(.text) refers to stm32f4xx_rcc.o(.text) for RCC_AHB1PeriphResetCmd
    stm32f4xx_gpio.o(.text) refers to stm32f4xx_rcc.o(.text) for RCC_AHB1PeriphResetCmd
    stm32f4xx_hash.o(.text) refers to stm32f4xx_rcc.o(.text) for RCC_AHB2PeriphResetCmd
    stm32f4xx_hash_md5.o(.text) refers to stm32f4xx_hash.o(.text) for HASH_DeInit
    stm32f4xx_hash_sha1.o(.text) refers to stm32f4xx_hash.o(.text) for HASH_DeInit
[...]
    USART_Init                               0x080037bf   Thumb Code   204  stm32f4xx_usart.o(.text)
    USART_StructInit                         0x0800388b   Thumb Code    24  stm32f4xx_usart.o(.text)
    USART_ClockInit                          0x080038a3   Thumb Code    32  stm32f4xx_usart.o(.text)
    USART_ClockStructInit                    0x080038c3   Thumb Code    12  stm32f4xx_usart.o(.text)
    USART_Cmd                                0x080038cf   Thumb Code    24  stm32f4xx_usart.o(.text)
    USART_SetPrescaler                       0x080038e7   Thumb Code    16  stm32f4xx_usart.o(.text)
    USART_OverSampling8Cmd                   0x080038f7   Thumb Code    22  stm32f4xx_usart.o(.text)
    USART_OneBitMethodCmd                    0x0800390d   Thumb Code    24  stm32f4xx_usart.o(.text)
    USART_SendData                           0x08003925   Thumb Code     8  stm32f4xx_usart.o(.text)
    USART_ReceiveData                        0x0800392d   Thumb Code    10  stm32f4xx_usart.o(.text)
    USART_SetAddress                         0x08003937   Thumb Code    18  stm32f4xx_usart.o(.text)
    USART_ReceiverWakeUpCmd                  0x08003949   Thumb Code    24  stm32f4xx_usart.o(.text)
    USART_WakeUpConfig                       0x08003961   Thumb Code    18  stm32f4xx_usart.o(.text)
    USART_LINBreakDetectLengthConfig         0x08003973   Thumb Code    18  stm32f4xx_usart.o(.text)
    USART_LINCmd                             0x08003985   Thumb Code    24  stm32f4xx_usart.o(.text)
    USART_SendBreak                          0x0800399d   Thumb Code    10  stm32f4xx_usart.o(.text)
    USART_HalfDuplexCmd                      0x080039a7   Thumb Code    24  stm32f4xx_usart.o(.text)
    USART_SetGuardTime                       0x080039bf   Thumb Code    16  stm32f4xx_usart.o(.text)
    USART_SmartCardCmd                       0x080039cf   Thumb Code    24  stm32f4xx_usart.o(.text)
    USART_SmartCardNACKCmd                   0x080039e7   Thumb Code    24  stm32f4xx_usart.o(.text)
    USART_IrDAConfig                         0x080039ff   Thumb Code    18  stm32f4xx_usart.o(.text)
    USART_IrDACmd                            0x08003a11   Thumb Code    24  stm32f4xx_usart.o(.text)
    USART_DMACmd                             0x08003a29   Thumb Code    18  stm32f4xx_usart.o(.text)
    USART_ITConfig                           0x08003a3b   Thumb Code    74  stm32f4xx_usart.o(.text)
    USART_GetFlagStatus                      0x08003a85   Thumb Code    26  stm32f4xx_usart.o(.text)
    USART_ClearFlag                          0x08003a9f   Thumb Code    18  stm32f4xx_usart.o(.text)
    USART_GetITStatus                        0x08003ab1   Thumb Code   118  stm32f4xx_usart.o(.text)
    USART_ClearITPendingBit                  0x08003b27   Thumb Code    30  stm32f4xx_usart.o(.text)
    delay_init                               0x08003b45   Thumb Code    52  delay.o(.text)
    delay_us                                 0x08003b79   Thumb Code    72  delay.o(.text)
    delay_xms                                0x08003bc1   Thumb Code    72  delay.o(.text)
    delay_ms                                 0x08003c09   Thumb Code    56  delay.o(.text)
    _sys_exit                                0x08003c49   Thumb Code     4  usart.o(.text)
    fputc                                    0x08003c4d   Thumb Code    22  usart.o(.text)
    uart_init                                0x08003c63   Thumb Code   230  usart.o(.text)
    USART1_IRQHandler                        0x08003d49   Thumb Code   122  usart.o(.text)
    uart6_init                               0x08003dc3   Thumb Code   162  usart.o(.text)
    USART6_IRQHandler                        0x08003e65   Thumb Code   122  usart.o(.text)
    UART6_Printf                             0x08003edf   Thumb Code    72  usart.o(.text)
    UART6_SendChar                           0x08003f27   Thumb Code    28  usart.o(.text)
    RS485_Init                               0x08003f43   Thumb Code   212  usart.o(.text)
    RS485_PD14_Set                           0x08004017   Thumb Code    96  usart.o(.text)
    LED_Init                                 0x08004079   Thumb Code    60  led.o(.text)
    Beep_Init                                0x080040b5   Thumb Code    56  led.o(.text)
    KEY_Init                                 0x080040ed   Thumb Code    78  led.o(.text)
    KEY_Scan                                 0x0800413b   Thumb Code   334  led.o(.text)
    AM_Check                                 0x080042a1   Thumb Code    88  am2302.o(.text)
    AM_Rst                                   0x080042f9   Thumb Code    54  am2302.o(.text)
    AM_Init                                  0x0800432f   Thumb Code    56  am2302.o(.text)
    AM_Disable                               0x08004367   Thumb Code    12  am2302.o(.text)
    AM_Read_Bit                              0x08004373   Thumb Code    70  am2302.o(.text)
    AM_Read_Byte                             0x080043b9   Thumb Code    30  am2302.o(.text)
    AM_Read_Data                             0x080043d7   Thumb Code    80  am2302.o(.text)
    TIM2_Int_Init                            0x08004435   Thumb Code    92  timer.o(.text)
    TIM2_IRQHandler                          0x08004491   Thumb Code    82  timer.o(.text)
    TIM4_Int_Init                            0x080044e3   Thumb Code    88  timer.o(.text)
    TIM4_IRQHandler                          0x0800453b   Thumb Code    62  timer.o(.text)
    KS103_Init                               0x0800459d   Thumb Code     8  ks103.o(.text)
    KS103_write                              0x080045a5   Thumb Code    48  ks103.o(.text)
    KS103_Disable                            0x080045d5   Thumb Code    12  ks103.o(.text)
    KS103_read_byte                          0x080045e1   Thumb Code    70  ks103.o(.text)
    KS103_read                               0x08004627   Thumb Code    84  ks103.o(.text)
    detect_KS103                             0x0800467b   Thumb Code    60  ks103.o(.text)
    KIIC_Init                                0x080046b9   Thumb Code    62  ks103_iic.o(.text)
    KIIC_Start                               0x080046f7   Thumb Code    68  ks103_iic.o(.text)
    KIIC_Stop                                0x0800473b   Thumb Code    62  ks103_iic.o(.text)
    KIIC_Wait_Ack                            0x08004779   Thumb Code    86  ks103_iic.o(.text)
    KIIC_Ack                                 0x080047cf   Thumb Code    66  ks103_iic.o(.text)
    KIIC_NAck                                0x08004811   Thumb Code    66  ks103_iic.o(.text)
    KIIC_Send_Byte                           0x08004853   Thumb Code    90  ks103_iic.o(.text)
    KIIC_Read_Byte                           0x080048ad   Thumb Code    94  ks103_iic.o(.text)
    BH1750_Write_REG                         0x08004919   Thumb Code    34  bh1750.o(.text)
    BH1750_ChangeMode                        0x0800493b   Thumb Code    58  bh1750.o(.text)
    BH1750_AdjustSensitivity                 0x08004975   Thumb Code    62  bh1750.o(.text)
    BH1750_Init                              0x080049b3   Thumb Code    26  bh1750.o(.text)
    BH1750_Disable                           0x080049cd   Thumb Code    12  bh1750.o(.text)
    BH1750_Read_REG                          0x080049d9   Thumb Code    44  bh1750.o(.text)
    get_light                                0x08004a05   Thumb Code   110  bh1750.o(.text)
    IIC_Init                                 0x08004a85   Thumb Code    60  iic.o(.text)
    IIC_Start                                0x08004ac1   Thumb Code    68  iic.o(.text)
    IIC_Stop                                 0x08004b05   Thumb Code    62  iic.o(.text)
    IIC_Wait_Ack                             0x08004b43   Thumb Code    82  iic.o(.text)
    IIC_Ack                                  0x08004b95   Thumb Code    66  iic.o(.text)
    IIC_NAck                                 0x08004bd7   Thumb Code    66  iic.o(.text)
    IIC_Send_Byte                            0x08004c19   Thumb Code    90  iic.o(.text)
    IIC_Read_Byte                            0x08004c73   Thumb Code    94  iic.o(.text)
    mymemcpy                                 0x08004cdd   Thumb Code    26  malloc.o(.text)
    mymemset                                 0x08004cf7   Thumb Code    20  malloc.o(.text)
    my_mem_init                              0x08004d0b   Thumb Code    54  malloc.o(.text)
    my_mem_perused                           0x08004d41   Thumb Code    54  malloc.o(.text)
    my_mem_malloc                            0x08004d77   Thumb Code   154  malloc.o(.text)
    my_mem_free                              0x08004e11   Thumb Code    94  malloc.o(.text)
    myfree                                   0x08004e6f   Thumb Code    32  malloc.o(.text)
    mymalloc                                 0x08004e8f   Thumb Code    36  malloc.o(.text)
    myrealloc                                0x08004eb3   Thumb Code    68  malloc.o(.text)
    OLED_WR_Byte                             0x08004f09   Thumb Code   112  oled.o(.text)
    OLED_Set_Pos                             0x08004f79   Thumb Code    46  oled.o(.text)
    OLED_Display_On                          0x08004fa7   Thumb Code    28  oled.o(.text)
    OLED_Display_Off                         0x08004fc3   Thumb Code    28  oled.o(.text)
    OLED_Clear                               0x08004fdf   Thumb Code    64  oled.o(.text)
    OLED_ShowChar                            0x0800501f   Thumb Code   106  oled.o(.text)
    oled_pow                                 0x08005089   Thumb Code    22  oled.o(.text)
    OLED_ShowNum                             0x0800509f   Thumb Code   132  oled.o(.text)
    OLED_ShowString                          0x08005123   Thumb Code    54  oled.o(.text)
    OLED_ShowCHinese                         0x08005159   Thumb Code    98  oled.o(.text)
    OLED_DrawBMP                             0x080051bb   Thumb Code   118  oled.o(.text)
    OLED_Init                                0x08005231   Thumb Code   374  oled.o(.text)
    DS1302_Byte_Write                        0x080053c7   Thumb Code   106  ds1302.o(.text)
    DS1302_Single_Write                      0x08005431   Thumb Code    96  ds1302.o(.text)
    DS1302_Byte_Read                         0x08005531   Thumb Code    86  ds1302.o(.text)
    DS1302_Single_Read                       0x08005587   Thumb Code    96  ds1302.o(.text)
    DS1302_Burst_Write                       0x080055e7   Thumb Code   104  ds1302.o(.text)
    DS1302_Burst_Read                        0x0800564f   Thumb Code   104  ds1302.o(.text)
    GetRealTime                              0x080056e3   Thumb Code    82  ds1302.o(.text)
    SetRealTime                              0x08005735   Thumb Code    60  ds1302.o(.text)
    DS1302_SetTime                           0x080057a9   Thumb Code    40  ds1302.o(.text)
    DS1302_Init                              0x080057d1   Thumb Code    12  ds1302.o(.text)
    date2string                              0x080057dd   Thumb Code    38  ds1302.o(.text)
    CRC16_1                                  0x08005835   Thumb Code    46  voltage.o(.text)
    voltage_test                             0x08005863   Thumb Code    62  voltage.o(.text)
    RS485_Send_Data                          0x080058a1   Thumb Code    72  voltage.o(.text)
    voltage_send                             0x080058e9   Thumb Code   110  voltage.o(.text)
    voltage_recv                             0x08005957   Thumb Code   164  voltage.o(.text)
    Modbus_init                              0x080059fb   Thumb Code    34  voltage.o(.text)
    USART2_IRQHandler                        0x08005a1d   Thumb Code    36  voltage.o(.text)
    Message_Handler                          0x08005a41   Thumb Code   144  voltage.o(.text)
    WKUP_Init                                0x08005b15   Thumb Code   120  wakeup.o(.text)
    Sys_Enter_Standby                        0x08005b8d   Thumb Code   228  wakeup.o(.text)
    SYSCLKConfig_Stop                        0x08005c71   Thumb Code    66  wakeup.o(.text)
    EXTI0_IRQHandler                         0x08005cb3   Thumb Code    30  wakeup.o(.text)
    MyADC_Init                               0x08005d0d   Thumb Code   128  ad.o(.text)
    Get_Adc                                  0x08005d8d   Thumb Code    48  ad.o(.text)
    Get_Adc_Average                          0x08005dbd   Thumb Code    46  ad.o(.text)
    Get_Battery_Voltage                      0x08005deb   Thumb Code    74  ad.o(.text)
    Get_Battery_Percentage                   0x08005e35   Thumb Code    82  ad.o(.text)
    Sensor_Clean                             0x08005efd   Thumb Code    12  sensor.o(.text)
    Sensor_Create                            0x08005f09   Thumb Code    24  sensor.o(.text)
    Sensor_Destroy                           0x08005f21   Thumb Code    16  sensor.o(.text)
    Sensor_setTemperature                    0x08005f31   Thumb Code     6  sensor.o(.text)
    Sensor_setHumidity                       0x08005f37   Thumb Code     6  sensor.o(.text)
    Sensor_setLight                          0x08005f3d   Thumb Code     6  sensor.o(.text)
    Sensor_setDistance                       0x08005f43   Thumb Code     6  sensor.o(.text)
    Sensor_setDate                           0x08005f49   Thumb Code     4  sensor.o(.text)
    Sensor_setVoltage                        0x08005f4d   Thumb Code    38  sensor.o(.text)
    Sensor_setAmper                          0x08005f73   Thumb Code    38  sensor.o(.text)
    Sensor_getTemperature                    0x08005f99   Thumb Code     6  sensor.o(.text)
    Sensor_getHumidity                       0x08005f9f   Thumb Code     6  sensor.o(.text)
    Sensor_getLight                          0x08005fa5   Thumb Code     6  sensor.o(.text)
    Sensor_getDistance                       0x08005fab   Thumb Code     6  sensor.o(.text)
    Sensor_getDate                           0x08005fb1   Thumb Code     6  sensor.o(.text)
    Sensor_to_String                         0x080062d5   Thumb Code    24  sensor.o(.text)
    save_Sensor                              0x080062ed   Thumb Code    22  sensor.o(.text)
    get_Stuct                                0x08006303   Thumb Code    34  sensor.o(.text)
    get_Sensor                               0x08006325   Thumb Code    18  sensor.o(.text)
    FSMC_Init                                0x08006341   Thumb Code   538  nandflash.o(.text)
    NandFlash_PD14_Set                       0x0800655b   Thumb Code   140  nandflash.o(.text)
    NAND_Read_ID                             0x08006621   Thumb Code    48  nandflash.o(.text)
    FSMC_UnInit                              0x08006663   Thumb Code   154  nandflash.o(.text)
    FSMC_Random_Write                        0x0800690f   Thumb Code   106  nandflash.o(.text)
    Fill_Buffer                              0x08006a53   Thumb Code    22  nandflash.o(.text)
    NAND_test                                0x08006a69   Thumb Code   134  nandflash.o(.text)
    NAND_Random_test                         0x08006aef   Thumb Code   158  nandflash.o(.text)
    AT24CXX_Init                             0x08006bb1   Thumb Code     8  eeprom.o(.text)
    AT24CXX_ReadOneByte                      0x08006bb9   Thumb Code    84  eeprom.o(.text)
    AT24CXX_WriteOneByte                     0x08006c0d   Thumb Code    76  eeprom.o(.text)
    AT24CXX_WriteLenByte                     0x08006c59   Thumb Code    42  eeprom.o(.text)
    AT24CXX_ReadLenByte                      0x08006c83   Thumb Code    44  eeprom.o(.text)
    AT24CXX_Check                            0x08006caf   Thumb Code    52  eeprom.o(.text)
    AT24CXX_Read                             0x08006ce3   Thumb Code    34  eeprom.o(.text)
    AT24CXX_Write                            0x08006d05   Thumb Code    36  eeprom.o(.text)
    EEPROM_Test                              0x08006d29   Thumb Code    72  eeprom.o(.text)
    EIIC_Init                                0x08006d7d   Thumb Code    94  eiic.o(.text)
    EIIC_Start                               0x08006ddb   Thumb Code    68  eiic.o(.text)
    EIIC_Stop                                0x08006e1f   Thumb Code    62  eiic.o(.text)
    EIIC_Wait_Ack                            0x08006e5d   Thumb Code    82  eiic.o(.text)
    EIIC_Ack                                 0x08006eaf   Thumb Code    66  eiic.o(.text)
    EIIC_NAck                                0x08006ef1   Thumb Code    66  eiic.o(.text)
    EIIC_Send_Byte                           0x08006f33   Thumb Code    96  eiic.o(.text)
    EIIC_Read_Byte                           0x08006f93   Thumb Code    94  eiic.o(.text)
    ef_save_env                              0x0800707d   Thumb Code   110  ef_env.o(.text)
    ef_env_set_default                       0x08007271   Thumb Code   126  ef_env.o(.text)
    ef_load_env                              0x08007311   Thumb Code   692  ef_env.o(.text)
    ef_env_init                              0x080075c5   Thumb Code   116  ef_env.o(.text)
    ef_get_env_write_bytes                   0x08007639   Thumb Code    10  ef_env.o(.text)
    ef_set_env                               0x080076ef   Thumb Code   118  ef_env.o(.text)
    ef_get_env                               0x08007765   Thumb Code    56  ef_env.o(.text)
    ef_print_env                             0x0800779d   Thumb Code   124  ef_env.o(.text)
    ef_set_and_save_env                      0x08007819   Thumb Code    30  ef_env.o(.text)
    ef_calc_crc32                            0x08007955   Thumb Code    40  ef_utils.o(.text)
    ef_find_sec_using_end_addr               0x0800797d   Thumb Code   132  ef_utils.o(.text)
    ef_get_sector_status                     0x08007a01   Thumb Code    44  ef_utils.o(.text)
    ef_port_init                             0x08007a31   Thumb Code    28  ef_port.o(.text)
    ef_log_debug                             0x08007a4d   Thumb Code    18  ef_port.o(.text)
    ef_port_read                             0x08007a5f   Thumb Code    56  ef_port.o(.text)
    ef_port_erase                            0x08007a97   Thumb Code    48  ef_port.o(.text)
    ef_port_write                            0x08007ac7   Thumb Code    56  ef_port.o(.text)
    ef_port_env_lock                         0x08007aff   Thumb Code     4  ef_port.o(.text)
    ef_port_env_unlock                       0x08007b03   Thumb Code     4  ef_port.o(.text)
    ef_log_info                              0x08007b07   Thumb Code    18  ef_port.o(.text)
    ef_print                                 0x08007b19   Thumb Code    18  ef_port.o(.text)
    ef_types_init                            0x08007bbd   Thumb Code    12  ef_types.o(.text)
    ef_get_bool                              0x08007bc9   Thumb Code    42  ef_types.o(.text)
    ef_get_long                              0x08007bf3   Thumb Code    34  ef_types.o(.text)
    ef_get_char                              0x08007c15   Thumb Code    14  ef_types.o(.text)
    ef_get_short                             0x08007c23   Thumb Code    14  ef_types.o(.text)
    ef_get_int                               0x08007c31   Thumb Code    12  ef_types.o(.text)
    ef_get_double                            0x08007c3d   Thumb Code    36  ef_types.o(.text)
    ef_get_float                             0x08007c61   Thumb Code    40  ef_types.o(.text)
    ef_get_bool_array                        0x08007db1   Thumb Code    18  ef_types.o(.text)
    ef_get_char_array                        0x08007dc3   Thumb Code    18  ef_types.o(.text)
    ef_get_short_array                       0x08007dd5   Thumb Code    18  ef_types.o(.text)
    ef_get_int_array                         0x08007de7   Thumb Code    18  ef_types.o(.text)
    ef_get_long_array                        0x08007df9   Thumb Code    18  ef_types.o(.text)
    ef_get_float_array                       0x08007e0b   Thumb Code    18  ef_types.o(.text)
    ef_get_double_array                      0x08007e1d   Thumb Code    18  ef_types.o(.text)
    ef_get_string_array                      0x08007e2f   Thumb Code    18  ef_types.o(.text)
    ef_get_struct                            0x08007e41   Thumb Code    46  ef_types.o(.text)
    ef_set_bool                              0x08007e6f   Thumb Code    36  ef_types.o(.text)
    ef_set_long                              0x08007e93   Thumb Code    40  ef_types.o(.text)
    ef_set_char                              0x08007ebb   Thumb Code    16  ef_types.o(.text)
    ef_set_short                             0x08007ecb   Thumb Code    16  ef_types.o(.text)
    ef_set_int                               0x08007edb   Thumb Code    16  ef_types.o(.text)
    ef_set_double                            0x08007eeb   Thumb Code    56  ef_types.o(.text)
    ef_set_float                             0x08007f23   Thumb Code    44  ef_types.o(.text)
    ef_set_bool_array                        0x080081bd   Thumb Code    22  ef_types.o(.text)
    ef_set_char_array                        0x080081d3   Thumb Code    22  ef_types.o(.text)
    ef_set_short_array                       0x080081e9   Thumb Code    22  ef_types.o(.text)
    ef_set_int_array                         0x080081ff   Thumb Code    22  ef_types.o(.text)
    ef_set_long_array                        0x08008215   Thumb Code    22  ef_types.o(.text)
    ef_set_float_array                       0x0800822b   Thumb Code    22  ef_types.o(.text)
    ef_set_double_array                      0x08008241   Thumb Code    22  ef_types.o(.text)
    ef_set_string_array                      0x08008257   Thumb Code    22  ef_types.o(.text)
    ef_set_struct                            0x0800826d   Thumb Code    58  ef_types.o(.text)
    cJSON_GetErrorPtr                        0x080082c1   Thumb Code     6  cjson.o(.text)
    cJSON_InitHooks                          0x0800833d   Thumb Code    14  cjson.o(.text)
    cJSON_Delete                             0x08008367   Thumb Code    88  cjson.o(.text)
    cJSON_ParseWithOpts                      0x08008ff9   Thumb Code    96  cjson.o(.text)
    cJSON_Parse                              0x08009059   Thumb Code    16  cjson.o(.text)
    cJSON_Print                              0x0800981d   Thumb Code    18  cjson.o(.text)
    cJSON_PrintUnformatted                   0x0800982f   Thumb Code    30  cjson.o(.text)
    cJSON_PrintBuffered                      0x0800984d   Thumb Code    40  cjson.o(.text)
    cJSON_GetArraySize                       0x08009875   Thumb Code    18  cjson.o(.text)
    cJSON_GetArrayItem                       0x08009887   Thumb Code    18  cjson.o(.text)
    cJSON_GetObjectItem                      0x08009899   Thumb Code    30  cjson.o(.text)
    cJSON_HasObjectItem                      0x080098b7   Thumb Code    34  cjson.o(.text)
    cJSON_AddItemToArray                     0x0800990f   Thumb Code    42  cjson.o(.text)
    cJSON_AddItemToObject                    0x08009939   Thumb Code    46  cjson.o(.text)
    cJSON_AddItemToObjectCS                  0x08009967   Thumb Code    56  cjson.o(.text)
    cJSON_AddItemReferenceToArray            0x0800999f   Thumb Code    24  cjson.o(.text)
    cJSON_AddItemReferenceToObject           0x080099b7   Thumb Code    32  cjson.o(.text)
    cJSON_DetachItemFromArray                0x080099d7   Thumb Code    66  cjson.o(.text)
    cJSON_DeleteItemFromArray                0x08009a19   Thumb Code    22  cjson.o(.text)
    cJSON_DetachItemFromObject               0x08009a2f   Thumb Code    50  cjson.o(.text)
    cJSON_DeleteItemFromObject               0x08009a61   Thumb Code    22  cjson.o(.text)
    cJSON_InsertItemInArray                  0x08009a77   Thumb Code    64  cjson.o(.text)
    cJSON_ReplaceItemInArray                 0x08009ab7   Thumb Code    76  cjson.o(.text)
    cJSON_ReplaceItemInObject                0x08009b03   Thumb Code    62  cjson.o(.text)
    cJSON_CreateNull                         0x08009b41   Thumb Code    18  cjson.o(.text)
    cJSON_CreateTrue                         0x08009b53   Thumb Code    18  cjson.o(.text)
    cJSON_CreateFalse                        0x08009b65   Thumb Code    18  cjson.o(.text)
    cJSON_CreateBool                         0x08009b77   Thumb Code    26  cjson.o(.text)
    cJSON_CreateNumber                       0x08009b91   Thumb Code    48  cjson.o(.text)
    cJSON_CreateString                       0x08009bc1   Thumb Code    28  cjson.o(.text)
    cJSON_CreateArray                        0x08009bdd   Thumb Code    18  cjson.o(.text)
    cJSON_CreateObject                       0x08009bef   Thumb Code    18  cjson.o(.text)
    cJSON_CreateIntArray                     0x08009c01   Thumb Code    96  cjson.o(.text)
    cJSON_CreateFloatArray                   0x08009c61   Thumb Code    96  cjson.o(.text)
    cJSON_CreateDoubleArray                  0x08009cc1   Thumb Code    74  cjson.o(.text)
    cJSON_CreateStringArray                  0x08009d0b   Thumb Code    62  cjson.o(.text)
    cJSON_Duplicate                          0x08009d49   Thumb Code   172  cjson.o(.text)
    cJSON_Minify                             0x08009df5   Thumb Code   186  cjson.o(.text)
    s2j_init                                 0x08009eb1   Thumb Code    20  s2j.o(.text)
    __use_no_semihosting                     0x08009ecd   Thumb Code     2  use_no_semi_2.o(.text)
    tolower                                  0x08009ecf   Thumb Code    26  tolower.o(.text)
    vsprintf                                 0x08009ee9   Thumb Code    32  vsprintf.o(.text)
    __2sprintf                               0x08009f0d   Thumb Code    38  __2sprintf.o(.text)
    __2snprintf                              0x08009f39   Thumb Code    50  __2snprintf.o(.text)
    _printf_pre_padding                      0x08009f71   Thumb Code    44  _printf_pad.o(.text)
    _printf_post_padding                     0x08009f9d   Thumb Code    34  _printf_pad.o(.text)
    _printf_int_dec                          0x08009fc1   Thumb Code   104  _printf_dec.o(.text)
    _printf_longlong_hex                     0x0800a039   Thumb Code    86  _printf_hex_int_ll_ptr.o(.text)
    _printf_int_hex                          0x0800a08f   Thumb Code    28  _printf_hex_int_ll_ptr.o(.text)
    _printf_ll_hex                           0x0800a0ab   Thumb Code    12  _printf_hex_int_ll_ptr.o(.text)
    _printf_hex_ptr                          0x0800a0b7   Thumb Code    18  _printf_hex_int_ll_ptr.o(.text)
    __printf                                 0x0800a0cd   Thumb Code   388  __printf_flags_ss_wp.o(.text)
    atoi                                     0x0800a255   Thumb Code    26  atoi.o(.text)
    atol                                     0x0800a26f   Thumb Code    26  atol.o(.text)
    strchr                                   0x0800a289   Thumb Code    20  strchr.o(.text)
    strcpy                                   0x0800a29d   Thumb Code    72  strcpy.o(.text)
    strlen                                   0x0800a2e5   Thumb Code    62  strlen.o(.text)
    strncmp                                  0x0800a323   Thumb Code   150  strncmp.o(.text)
    __aeabi_memcpy                           0x0800a3b9   Thumb Code     0  rt_memcpy_v6.o(.text)
    __rt_memcpy                              0x0800a3b9   Thumb Code   138  rt_memcpy_v6.o(.text)
    _memcpy_lastbytes                        0x0800a41f   Thumb Code     0  rt_memcpy_v6.o(.text)
    __aeabi_memcpy4                          0x0800a443   Thumb Code     0  rt_memcpy_w.o(.text)
    __aeabi_memcpy8                          0x0800a443   Thumb Code     0  rt_memcpy_w.o(.text)
    __rt_memcpy_w                            0x0800a443   Thumb Code   100  rt_memcpy_w.o(.text)
    _memcpy_lastbytes_aligned                0x0800a48b   Thumb Code     0  rt_memcpy_w.o(.text)
    __aeabi_memclr                           0x0800a4a7   Thumb Code     0  rt_memclr.o(.text)
    __rt_memclr                              0x0800a4a7   Thumb Code    68  rt_memclr.o(.text)
    _memset                                  0x0800a4ab   Thumb Code     0  rt_memclr.o(.text)
    __aeabi_memclr4                          0x0800a4eb   Thumb Code     0  rt_memclr_w.o(.text)
    __aeabi_memclr8                          0x0800a4eb   Thumb Code     0  rt_memclr_w.o(.text)
    __rt_memclr_w                            0x0800a4eb   Thumb Code    78  rt_memclr_w.o(.text)
    _memset_w                                0x0800a4ef   Thumb Code     0  rt_memclr_w.o(.text)
    strcmp                                   0x0800a539   Thumb Code   128  strcmpv7m.o(.text)
    __use_two_region_memory                  0x0800a5b9   Thumb Code     2  heapauxi.o(.text)
    __rt_heap_escrow$2region                 0x0800a5bb   Thumb Code     2  heapauxi.o(.text)
    __rt_heap_expand$2region                 0x0800a5bd   Thumb Code     2  heapauxi.o(.text)
    __I$use$semihosting                      0x0800a5bf   Thumb Code     0  use_no_semi.o(.text)
    __use_no_semihosting_swi                 0x0800a5bf   Thumb Code     2  use_no_semi.o(.text)
    __rt_ctype_table                         0x0800a5c1   Thumb Code    16  rt_ctype_table.o(.text)
    __aeabi_errno_addr                       0x0800a5d1   Thumb Code     8  rt_errno_addr_intlibspace.o(.text)
    __errno$intlibspace                      0x0800a5d1   Thumb Code     0  rt_errno_addr_intlibspace.o(.text)
    __rt_errno_addr$intlibspace              0x0800a5d1   Thumb Code     0  rt_errno_addr_intlibspace.o(.text)
    __read_errno                             0x0800a5d9   Thumb Code    10  _rserrno.o(.text)
    __set_errno                              0x0800a5e3   Thumb Code    12  _rserrno.o(.text)
    _printf_truncate_signed                  0x0800a5ef   Thumb Code    18  _printf_truncate.o(.text)
    _printf_truncate_unsigned                0x0800a601   Thumb Code    18  _printf_truncate.o(.text)
    _printf_str                              0x0800a613   Thumb Code    82  _printf_str.o(.text)
    _printf_int_common                       0x0800a665   Thumb Code   178  _printf_intcommon.o(.text)
    _printf_charcount                        0x0800a717   Thumb Code    40  _printf_charcount.o(.text)
    __lib_sel_fp_printf                      0x0800a73f   Thumb Code     2  _printf_fp_dec.o(.text)
    _printf_fp_dec_real                      0x0800a8ed   Thumb Code   620  _printf_fp_dec.o(.text)
    _printf_char_common                      0x0800ab63   Thumb Code    32  _printf_char_common.o(.text)
    _sputc                                   0x0800ab89   Thumb Code    10  _sputc.o(.text)
    _snputc                                  0x0800ab93   Thumb Code    16  _snputc.o(.text)
    _printf_wctomb                           0x0800aba5   Thumb Code   182  _printf_wctomb.o(.text)
    _printf_longlong_dec                     0x0800ac61   Thumb Code   108  _printf_longlong_dec.o(.text)
    _printf_longlong_oct                     0x0800acdd   Thumb Code    68  _printf_oct_int_ll.o(.text)
    _printf_int_oct                          0x0800ad21   Thumb Code    24  _printf_oct_int_ll.o(.text)
    _printf_ll_oct                           0x0800ad39   Thumb Code    12  _printf_oct_int_ll.o(.text)
    __strtod_int                             0x0800ad89   Thumb Code    88  strtod.o(.text)
    strtol                                   0x0800aded   Thumb Code   112  strtol.o(.text)
    __user_libspace                          0x0800ae5d   Thumb Code     8  libspace.o(.text)
    __user_perproc_libspace                  0x0800ae5d   Thumb Code     0  libspace.o(.text)
    __user_perthread_libspace                0x0800ae5d   Thumb Code     0  libspace.o(.text)
    __rt_locale                              0x0800ae65   Thumb Code     8  rt_locale_intlibspace.o(.text)
    _ll_udiv10                               0x0800ae6d   Thumb Code   138  lludiv10.o(.text)
    isspace                                  0x0800aef7   Thumb Code    18  isspace.o(.text)
    _printf_fp_hex_real                      0x0800af09   Thumb Code   754  _printf_fp_hex.o(.text)
    _printf_fp_infnan                        0x0800b205   Thumb Code   112  _printf_fp_infnan.o(.text)
    _printf_cs_common                        0x0800b285   Thumb Code    20  _printf_char.o(.text)
    _printf_char                             0x0800b299   Thumb Code    16  _printf_char.o(.text)
    _printf_string                           0x0800b2a9   Thumb Code     8  _printf_char.o(.text)
    _printf_lcs_common                       0x0800b2b1   Thumb Code    20  _printf_wchar.o(.text)
    _printf_wchar                            0x0800b2c5   Thumb Code    16  _printf_wchar.o(.text)
    _printf_wstring                          0x0800b2d5   Thumb Code     8  _printf_wchar.o(.text)
    _sgetc                                   0x0800b2dd   Thumb Code    30  _sgetc.o(.text)
    _sbackspace                              0x0800b2fb   Thumb Code    34  _sgetc.o(.text)
    _strtoul                                 0x0800b31d   Thumb Code   158  _strtoul.o(.text)
    _btod_etento                             0x0800b3bd   Thumb Code   216  bigflt0.o(.text)
    _wcrtomb                                 0x0800b499   Thumb Code    64  _wcrtomb.o(.text)
    __user_setup_stackheap                   0x0800b4d9   Thumb Code    74  sys_stackheap_outer.o(.text)
    _chval                                   0x0800b523   Thumb Code    28  _chval.o(.text)
    _scanf_really_real                       0x0800b73d   Thumb Code   668  scanf_fp.o(.text)
    exit                                     0x0800b9e5   Thumb Code    18  exit.o(.text)
    _scanf_really_hex_real                   0x0800b9f9   Thumb Code   778  scanf_hexfp.o(.text)
    _scanf_really_infnan                     0x0800bd11   Thumb Code   292  scanf_infnan.o(.text)
    __aeabi_llsl                             0x0800be45   Thumb Code     0  llshl.o(.text)
    _ll_shift_l                              0x0800be45   Thumb Code    38  llshl.o(.text)
    _btod_d2e                                0x0800be6b   Thumb Code    62  btod.o(CL$$btod_d2e)
    _d2e_denorm_low                          0x0800bea9   Thumb Code    70  btod.o(CL$$btod_d2e_denorm_low)
    _d2e_norm_op1                            0x0800beef   Thumb Code    96  btod.o(CL$$btod_d2e_norm_op1)
    __btod_div_common                        0x0800bf4f   Thumb Code   696  btod.o(CL$$btod_div_common)
    _e2d                                     0x0800c289   Thumb Code    80  btod.o(CL$$btod_e2d)
    _e2e                                     0x0800c2dd   Thumb Code   198  btod.o(CL$$btod_e2e)
    _btod_ediv                               0x0800c3a3   Thumb Code    40  btod.o(CL$$btod_ediv)
    _btod_edivd                              0x0800c3cb   Thumb Code    40  btod.o(CL$$btod_edivd)
    _btod_emul                               0x0800c3f3   Thumb Code    40  btod.o(CL$$btod_emul)
    _btod_emuld                              0x0800c41b   Thumb Code    40  btod.o(CL$$btod_emuld)
    __btod_mult_common                       0x0800c443   Thumb Code   580  btod.o(CL$$btod_mult_common)
    __ARM_fpclassify                         0x0800c687   Thumb Code    48  fpclassify.o(i.__ARM_fpclassify)
    __hardfp_atof                            0x0800c6b9   Thumb Code    44  atof.o(i.__hardfp_atof)
    __hardfp_fabs                            0x0800c6f1   Thumb Code    20  fabs.o(i.__hardfp_fabs)
    __hardfp_floor                           0x0800c709   Thumb Code   252  floor.o(i.__hardfp_floor)
    __hardfp_ldexp                           0x0800c821   Thumb Code   200  ldexp.o(i.__hardfp_ldexp)
    __hardfp_pow                             0x0800c8f1   Thumb Code  3072  pow.o(i.__hardfp_pow)
    __kernel_poly                            0x0800d541   Thumb Code   248  poly.o(i.__kernel_poly)
    __mathlib_dbl_divzero                    0x0800d639   Thumb Code    28  dunder.o(i.__mathlib_dbl_divzero)
    __mathlib_dbl_infnan2                    0x0800d669   Thumb Code    20  dunder.o(i.__mathlib_dbl_infnan2)
    __mathlib_dbl_invalid                    0x0800d681   Thumb Code    24  dunder.o(i.__mathlib_dbl_invalid)
    __mathlib_dbl_overflow                   0x0800d6a1   Thumb Code    24  dunder.o(i.__mathlib_dbl_overflow)
    __mathlib_dbl_underflow                  0x0800d6c1   Thumb Code    24  dunder.o(i.__mathlib_dbl_underflow)
    __mathlib_narrow                         0x0800d6e1   Thumb Code   166  narrow.o(i.__mathlib_narrow)
    __support_ldexp                          0x0800d799   Thumb Code    20  ldexp.o(i.__support_ldexp)
    _is_digit                                0x0800d7ad   Thumb Code    14  __printf_wp.o(i._is_digit)
    fabs                                     0x0800d7bb   Thumb Code    24  fabs.o(i.fabs)
    frexp                                    0x0800d7d9   Thumb Code   118  frexp.o(i.frexp)
    sqrt                                     0x0800d865   Thumb Code   110  sqrt.o(i.sqrt)
    _get_lc_ctype                            0x0800d8d5   Thumb Code    44  lc_ctype_c.o(locale$$code)
    _get_lc_numeric                          0x0800d901   Thumb Code    44  lc_numeric_c.o(locale$$code)
    __aeabi_dneg                             0x0800d92d   Thumb Code     0  basic.o(x$fpl$basic)
    _dneg                                    0x0800d92d   Thumb Code     6  basic.o(x$fpl$basic)
    __aeabi_fneg                             0x0800d933   Thumb Code     0  basic.o(x$fpl$basic)
    _fneg                                    0x0800d933   Thumb Code     6  basic.o(x$fpl$basic)
    _dabs                                    0x0800d939   Thumb Code     6  basic.o(x$fpl$basic)
    _fabs                                    0x0800d93f   Thumb Code     6  basic.o(x$fpl$basic)
    __aeabi_d2f                              0x0800d945   Thumb Code     0  d2f.o(x$fpl$d2f)
    _d2f                                     0x0800d945   Thumb Code    98  d2f.o(x$fpl$d2f)
    __aeabi_dadd                             0x0800d9a9   Thumb Code     0  daddsub_clz.o(x$fpl$dadd)
    _dadd                                    0x0800d9a9   Thumb Code   332  daddsub_clz.o(x$fpl$dadd)
    __fpl_dcheck_NaN1                        0x0800daf9   Thumb Code    10  dcheck1.o(x$fpl$dcheck1)
    __fpl_dcmp_Inf                           0x0800db09   Thumb Code    24  dcmpi.o(x$fpl$dcmpinf)
    __aeabi_ddiv                             0x0800db21   Thumb Code     0  ddiv.o(x$fpl$ddiv)
    _ddiv                                    0x0800db21   Thumb Code   552  ddiv.o(x$fpl$ddiv)
    __aeabi_cdcmpeq                          0x0800ddd1   Thumb Code     0  deqf.o(x$fpl$deqf)
    _dcmpeq                                  0x0800ddd1   Thumb Code   120  deqf.o(x$fpl$deqf)
    __aeabi_d2iz                             0x0800de49   Thumb Code     0  dfix.o(x$fpl$dfix)
    _dfix                                    0x0800de49   Thumb Code    94  dfix.o(x$fpl$dfix)
    __aeabi_i2d                              0x0800dea7   Thumb Code     0  dflt_clz.o(x$fpl$dflt)
    _dflt                                    0x0800dea7   Thumb Code    46  dflt_clz.o(x$fpl$dflt)
    __aeabi_ui2d                             0x0800ded5   Thumb Code     0  dflt_clz.o(x$fpl$dfltu)
    _dfltu                                   0x0800ded5   Thumb Code    38  dflt_clz.o(x$fpl$dfltu)
    __aeabi_cdcmple                          0x0800defd   Thumb Code     0  dleqf.o(x$fpl$dleqf)
    _dcmple                                  0x0800defd   Thumb Code   120  dleqf.o(x$fpl$dleqf)
    __fpl_dcmple_InfNaN                      0x0800df5f   Thumb Code     0  dleqf.o(x$fpl$dleqf)
    __aeabi_dmul                             0x0800df75   Thumb Code     0  dmul.o(x$fpl$dmul)
    _dmul                                    0x0800df75   Thumb Code   332  dmul.o(x$fpl$dmul)
    __fpl_dnaninf                            0x0800e0c9   Thumb Code   156  dnaninf.o(x$fpl$dnaninf)
    __fpl_dretinf                            0x0800e165   Thumb Code    12  dretinf.o(x$fpl$dretinf)
    __aeabi_cdrcmple                         0x0800e171   Thumb Code     0  drleqf.o(x$fpl$drleqf)
    _drcmple                                 0x0800e171   Thumb Code   108  drleqf.o(x$fpl$drleqf)
    __aeabi_drsub                            0x0800e1dd   Thumb Code     0  daddsub_clz.o(x$fpl$drsb)
    _drsb                                    0x0800e1dd   Thumb Code    22  daddsub_clz.o(x$fpl$drsb)
    _dsqrt                                   0x0800e1f5   Thumb Code   404  dsqrt_umaal.o(x$fpl$dsqrt)
    __aeabi_dsub                             0x0800e38d   Thumb Code     0  daddsub_clz.o(x$fpl$dsub)
    _dsub                                    0x0800e38d   Thumb Code   464  daddsub_clz.o(x$fpl$dsub)
    __aeabi_f2d                              0x0800e561   Thumb Code     0  f2d.o(x$fpl$f2d)
    _f2d                                     0x0800e561   Thumb Code    86  f2d.o(x$fpl$f2d)
    __fpl_fnaninf                            0x0800e5b7   Thumb Code   140  fnaninf.o(x$fpl$fnaninf)
    _fp_init                                 0x0800e643   Thumb Code    10  fpinit.o(x$fpl$fpinit)
    __fplib_config_fpu_vfp                   0x0800e64b   Thumb Code     0  fpinit.o(x$fpl$fpinit)
    __fplib_config_pureend_doubles           0x0800e64b   Thumb Code     0  fpinit.o(x$fpl$fpinit)
    __fpl_fretinf                            0x0800e64d   Thumb Code    10  fretinf.o(x$fpl$fretinf)
    _printf_fp_dec                           0x0800e657   Thumb Code     4  printf1.o(x$fpl$printf1)
    _printf_fp_hex                           0x0800e65b   Thumb Code     4  printf2.o(x$fpl$printf2)
    __fpl_return_NaN                         0x0800e65f   Thumb Code   100  retnan.o(x$fpl$retnan)
    __ARM_scalbn                             0x0800e6c3   Thumb Code    92  scalbn.o(x$fpl$scalbn)
    _scanf_real                              0x0800e71f   Thumb Code     4  scanf1.o(x$fpl$scanf1)
    _scanf_hex_real                          0x0800e723   Thumb Code     4  scanf2.o(x$fpl$scanf2)
    _scanf_infnan                            0x0800e727   Thumb Code     4  scanf2.o(x$fpl$scanf2)
    __fpl_cmpreturn                          0x0800e72b   Thumb Code    48  trapv.o(x$fpl$trapveneer)
    __I$use$fp                               0x0800e75a   Number         0  usenofp.o(x$fpl$usenofp)
    memtblsize                               0x0800e75c   Data          12  malloc.o(.constdata)
    memblksize                               0x0800e768   Data          12  malloc.o(.constdata)
    memsize                                  0x0800e774   Data          12  malloc.o(.constdata)
    F6x8                                     0x0800e780   Data         552  oled.o(.constdata)
    F8X16                                    0x0800e9a8   Data        1520  oled.o(.constdata)
    chCRCHTalbe                              0x0800efa4   Data         256  voltage.o(.constdata)
    chCRCLTalbe                              0x0800f0a4   Data         256  voltage.o(.constdata)
    nand0_drv                                0x0800f1a4   Data          28  nandflash.o(.constdata)
    cfg                                      0x0800f1c0   Data          16  nandflash.o(.constdata)
    __mathlib_zero                           0x0800f760   Data           8  qnan.o(.constdata)
    Region$$Table$$Base                      0x0800f8e0   Number         0  anon$$obj.o(Region$$Table)
    Region$$Table$$Limit                     0x0800f900   Number         0  anon$$obj.o(Region$$Table)
    __aeabi_HUGE_VAL                         0x0800f900   Data           0  fpconst.o(c$$dinf)
    __aeabi_HUGE_VALL                        0x0800f900   Data           0  fpconst.o(c$$dinf)
    __aeabi_INFINITY                         0x0800f900   Data           0  fpconst.o(c$$dinf)
    __dInf                                   0x0800f900   Data           0  fpconst.o(c$$dinf)
    __huge_val                               0x0800f900   Data           0  fpconst.o(c$$dinf)
    __ctype                                  0x0800f915   Data           0  lc_ctype_c.o(locale$$data)
    mem3base                                 0x10000000   Data       61440  malloc.o(.ARM.__AT_0x10000000)
    mem3mapbase                              0x1000f000   Data        3840  malloc.o(.ARM.__AT_0x1000F000)
    Battery                                  0x20000000   Data          15  main.o(.data)
    full                                     0x2000000f   Data          15  main.o(.data)
    half                                     0x2000001e   Data          15  main.o(.data)
    low                                      0x2000002d   Data          15  main.o(.data)
    p_Sensor                                 0x2000003c   Data           4  main.o(.data)
    stop                                     0x20000044   Data           4  main.o(.data)
    SystemCoreClock                          0x20000048   Data           4  system_stm32f4xx.o(.data)
    AHBPrescTable                            0x2000004c   Data          16  system_stm32f4xx.o(.data)
    connected                                0x20000070   Data           1  usart.o(.data)
    __stdout                                 0x20000074   Data           4  usart.o(.data)
    USART_RX_STA                             0x20000078   Data           2  usart.o(.data)
    timer_count                              0x2000007c   Data           4  timer.o(.data)
    mallco_dev                               0x20000084   Data          36  malloc.o(.data)
    Hzk                                      0x200000a8   Data        3264  oled.o(.data)
    HasMeg                                   0x20000d68   Data           1  voltage.o(.data)
    Tim_out                                  0x20000d69   Data           1  voltage.o(.data)
    Rcv_Complete                             0x20000d6a   Data           1  voltage.o(.data)
    Send_Complete                            0x20000d6b   Data           1  voltage.o(.data)
    hahah                                    0x20000d6c   Data           1  voltage.o(.data)
    Busy                                     0x20000d6d   Data           1  voltage.o(.data)
    Res                                      0x20000d6e   Data           1  voltage.o(.data)
    Send_Data                                0x20000d6f   Data           1  voltage.o(.data)
    Rev_num                                  0x20000d70   Data           1  voltage.o(.data)
    Send_num                                 0x20000d71   Data           1  voltage.o(.data)
    PointToRcvBuf                            0x20000d74   Data           4  voltage.o(.data)
    PointToSendBuf                           0x20000d78   Data           4  voltage.o(.data)
    result                                   0x20000d7c   Data           1  voltage.o(.data)
    bv                                       0x20000d80   Data          96  ad.o(.data)
    Index                                    0x20000de0   Data           4  nandflash.o(.data)
    WriteReadStatus                          0x20000de4   Data           4  nandflash.o(.data)
    s2jHook                                  0x20000e0c   Data           8  s2j.o(.data)
    USART_RX_BUF                             0x20000e18   Data         200  usart.o(.bss)
    UART6_TX_BUF                             0x20000ee0   Data         512  usart.o(.bss)
    mem1base                                 0x200010e0   Data       102400  malloc.o(.bss)
    mem1mapbase                              0x2001a0e0   Data        6400  malloc.o(.bss)
    UART_send_buf                            0x2001b9f4   Data         100  voltage.o(.bss)
    UART_recv_buf                            0x2001ba58   Data         100  voltage.o(.bss)
    TxBuffer                                 0x2001babc   Data        2048  nandflash.o(.bss)
    RxBuffer                                 0x2001c2bc   Data        2048  nandflash.o(.bss)
    nand_pg_lay                              0x2001cabc   Data          10  nandflash.o(.bss)
    __libspace_start                         0x2001d2c8   Data          96  libspace.o(.bss)
    __temporary_stack_top$libspace           0x2001d328   Data           0  libspace.o(.bss)
    mem2base                                 0xd0000000   Data       4194304  malloc.o(.ARM.__AT_0xD0000000)
    mem2mapbase                              0xd0400000   Data       262144  malloc.o(.ARM.__AT_0xD0400000)



==============================================================================

Memory Map of the image

  Image Entry point : 0x080001ad

  Load Region LR_IROM1 (Base: 0x08000000, Size: 0x00010848, Max: 0x00100000, ABSOLUTE, COMPRESSED[0x00010018])

    Execution Region ER_IROM1 (Base: 0x08000000, Size: 0x0000fa34, Max: 0x00100000, ABSOLUTE)

    Base Addr    Size         Type   Attr      Idx    E Section Name        Object

    0x08000000   0x000001ac   Data   RO          283    RESET               startup_stm32f429_439xx.o
    0x080001ac   0x00000008   Code   RO         1843  * !!!main             c_w.l(__main.o)
    0x080001b4   0x00000034   Code   RO         2295    !!!scatter          c_w.l(__scatter.o)
    0x080001e8   0x00000064   Code   RO         2293    !!dclz77c           c_w.l(__dclz77c.o)
    0x0800024c   0x0000001c   Code   RO         2297    !!handler_zi        c_w.l(__scatter_zi.o)
    0x08000268   0x00000000   Code   RO         1818    .ARM.Collect$$_printf_percent$$00000000  c_w.l(_printf_percent.o)
    0x08000268   0x00000006   Code   RO         1954    .ARM.Collect$$_printf_percent$$00000001  c_w.l(_printf_n.o)
    0x0800026e   0x00000006   Code   RO         1955    .ARM.Collect$$_printf_percent$$00000002  c_w.l(_printf_p.o)
    0x08000274   0x00000006   Code   RO         1816    .ARM.Collect$$_printf_percent$$00000003  c_w.l(_printf_f.o)
    0x0800027a   0x00000006   Code   RO         1817    .ARM.Collect$$_printf_percent$$00000004  c_w.l(_printf_e.o)
    0x08000280   0x00000006   Code   RO         1959    .ARM.Collect$$_printf_percent$$00000005  c_w.l(_printf_g.o)
    0x08000286   0x00000006   Code   RO         1960    .ARM.Collect$$_printf_percent$$00000006  c_w.l(_printf_a.o)
    0x0800028c   0x0000000a   Code   RO         1965    .ARM.Collect$$_printf_percent$$00000007  c_w.l(_printf_ll.o)
    0x08000296   0x00000006   Code   RO         1957    .ARM.Collect$$_printf_percent$$00000008  c_w.l(_printf_i.o)
    0x0800029c   0x00000006   Code   RO         1815    .ARM.Collect$$_printf_percent$$00000009  c_w.l(_printf_d.o)
    0x080002a2   0x00000006   Code   RO         1958    .ARM.Collect$$_printf_percent$$0000000A  c_w.l(_printf_u.o)
    0x080002a8   0x00000006   Code   RO         1956    .ARM.Collect$$_printf_percent$$0000000B  c_w.l(_printf_o.o)
    0x080002ae   0x00000006   Code   RO         1814    .ARM.Collect$$_printf_percent$$0000000C  c_w.l(_printf_x.o)
    0x080002b4   0x00000006   Code   RO         1962    .ARM.Collect$$_printf_percent$$0000000D  c_w.l(_printf_lli.o)
    0x080002ba   0x00000006   Code   RO         1963    .ARM.Collect$$_printf_percent$$0000000E  c_w.l(_printf_lld.o)
    0x080002c0   0x00000006   Code   RO         1964    .ARM.Collect$$_printf_percent$$0000000F  c_w.l(_printf_llu.o)
    0x080002c6   0x00000006   Code   RO         1969    .ARM.Collect$$_printf_percent$$00000010  c_w.l(_printf_llo.o)
    0x080002cc   0x00000006   Code   RO         1970    .ARM.Collect$$_printf_percent$$00000011  c_w.l(_printf_llx.o)
    0x080002d2   0x0000000a   Code   RO         1966    .ARM.Collect$$_printf_percent$$00000012  c_w.l(_printf_l.o)
    0x080002dc   0x00000006   Code   RO         1952    .ARM.Collect$$_printf_percent$$00000013  c_w.l(_printf_c.o)
    0x080002e2   0x00000006   Code   RO         1953    .ARM.Collect$$_printf_percent$$00000014  c_w.l(_printf_s.o)
    0x080002e8   0x00000006   Code   RO         1967    .ARM.Collect$$_printf_percent$$00000015  c_w.l(_printf_lc.o)
    0x080002ee   0x00000006   Code   RO         1968    .ARM.Collect$$_printf_percent$$00000016  c_w.l(_printf_ls.o)
    0x080002f4   0x00000004   Code   RO         1961    .ARM.Collect$$_printf_percent$$00000017  c_w.l(_printf_percent_end.o)
    0x080002f8   0x00000002   Code   RO         2121    .ARM.Collect$$libinit$$00000000  c_w.l(libinit.o)
    0x080002fa   0x00000004   Code   RO         2122    .ARM.Collect$$libinit$$00000001  c_w.l(libinit2.o)
    0x080002fe   0x00000000   Code   RO         2125    .ARM.Collect$$libinit$$00000004  c_w.l(libinit2.o)
    0x080002fe   0x00000000   Code   RO         2128    .ARM.Collect$$libinit$$0000000A  c_w.l(libinit2.o)
    0x080002fe   0x00000000   Code   RO         2130    .ARM.Collect$$libinit$$0000000C  c_w.l(libinit2.o)
    0x080002fe   0x00000000   Code   RO         2132    .ARM.Collect$$libinit$$0000000E  c_w.l(libinit2.o)
    0x080002fe   0x00000006   Code   RO         2133    .ARM.Collect$$libinit$$0000000F  c_w.l(libinit2.o)
    0x08000304   0x00000000   Code   RO         2135    .ARM.Collect$$libinit$$00000011  c_w.l(libinit2.o)
    0x08000304   0x0000000c   Code   RO         2136    .ARM.Collect$$libinit$$00000012  c_w.l(libinit2.o)
    0x08000310   0x00000000   Code   RO         2137    .ARM.Collect$$libinit$$00000013  c_w.l(libinit2.o)
    0x08000310   0x00000000   Code   RO         2139    .ARM.Collect$$libinit$$00000015  c_w.l(libinit2.o)
    0x08000310   0x0000000a   Code   RO         2140    .ARM.Collect$$libinit$$00000016  c_w.l(libinit2.o)
    0x0800031a   0x00000000   Code   RO         2141    .ARM.Collect$$libinit$$00000017  c_w.l(libinit2.o)
    0x0800031a   0x00000000   Code   RO         2143    .ARM.Collect$$libinit$$00000019  c_w.l(libinit2.o)
    0x0800031a   0x00000000   Code   RO         2145    .ARM.Collect$$libinit$$0000001B  c_w.l(libinit2.o)
    0x0800031a   0x00000000   Code   RO         2147    .ARM.Collect$$libinit$$0000001D  c_w.l(libinit2.o)
    0x0800031a   0x00000000   Code   RO         2149    .ARM.Collect$$libinit$$0000001F  c_w.l(libinit2.o)
    0x0800031a   0x00000000   Code   RO         2151    .ARM.Collect$$libinit$$00000021  c_w.l(libinit2.o)
    0x0800031a   0x00000000   Code   RO         2153    .ARM.Collect$$libinit$$00000023  c_w.l(libinit2.o)
    0x0800031a   0x00000000   Code   RO         2155    .ARM.Collect$$libinit$$00000025  c_w.l(libinit2.o)
    0x0800031a   0x00000000   Code   RO         2159    .ARM.Collect$$libinit$$0000002C  c_w.l(libinit2.o)
    0x0800031a   0x00000000   Code   RO         2161    .ARM.Collect$$libinit$$0000002E  c_w.l(libinit2.o)
    0x0800031a   0x00000000   Code   RO         2163    .ARM.Collect$$libinit$$00000030  c_w.l(libinit2.o)
    0x0800031a   0x00000000   Code   RO         2165    .ARM.Collect$$libinit$$00000032  c_w.l(libinit2.o)
    0x0800031a   0x00000002   Code   RO         2166    .ARM.Collect$$libinit$$00000033  c_w.l(libinit2.o)
    0x0800031c   0x00000002   Code   RO         2227    .ARM.Collect$$libshutdown$$00000000  c_w.l(libshutdown.o)
    0x0800031e   0x00000000   Code   RO         2252    .ARM.Collect$$libshutdown$$00000002  c_w.l(libshutdown2.o)
    0x0800031e   0x00000000   Code   RO         2254    .ARM.Collect$$libshutdown$$00000004  c_w.l(libshutdown2.o)
    0x0800031e   0x00000000   Code   RO         2257    .ARM.Collect$$libshutdown$$00000007  c_w.l(libshutdown2.o)
    0x0800031e   0x00000000   Code   RO         2260    .ARM.Collect$$libshutdown$$0000000A  c_w.l(libshutdown2.o)
    0x0800031e   0x00000000   Code   RO         2262    .ARM.Collect$$libshutdown$$0000000C  c_w.l(libshutdown2.o)
    0x0800031e   0x00000000   Code   RO         2265    .ARM.Collect$$libshutdown$$0000000F  c_w.l(libshutdown2.o)
    0x0800031e   0x00000002   Code   RO         2266    .ARM.Collect$$libshutdown$$00000010  c_w.l(libshutdown2.o)
    0x08000320   0x00000000   Code   RO         1915    .ARM.Collect$$rtentry$$00000000  c_w.l(__rtentry.o)
    0x08000320   0x00000000   Code   RO         2029    .ARM.Collect$$rtentry$$00000002  c_w.l(__rtentry2.o)
    0x08000320   0x00000006   Code   RO         2041    .ARM.Collect$$rtentry$$00000004  c_w.l(__rtentry4.o)
    0x08000326   0x00000000   Code   RO         2031    .ARM.Collect$$rtentry$$00000009  c_w.l(__rtentry2.o)
    0x08000326   0x00000004   Code   RO         2032    .ARM.Collect$$rtentry$$0000000A  c_w.l(__rtentry2.o)
    0x0800032a   0x00000000   Code   RO         2034    .ARM.Collect$$rtentry$$0000000C  c_w.l(__rtentry2.o)
    0x0800032a   0x00000008   Code   RO         2035    .ARM.Collect$$rtentry$$0000000D  c_w.l(__rtentry2.o)
    0x08000332   0x00000002   Code   RO         2169    .ARM.Collect$$rtexit$$00000000  c_w.l(rtexit.o)
    0x08000334   0x00000000   Code   RO         2195    .ARM.Collect$$rtexit$$00000002  c_w.l(rtexit2.o)
    0x08000334   0x00000004   Code   RO         2196    .ARM.Collect$$rtexit$$00000003  c_w.l(rtexit2.o)
    0x08000338   0x00000006   Code   RO         2197    .ARM.Collect$$rtexit$$00000004  c_w.l(rtexit2.o)
    0x0800033e   0x00000002   PAD
    0x08000340   0x00001318   Code   RO            3    .text               main.o
    0x08001658   0x00000012   Code   RO          234    .text               stm32f4xx_it.o
    0x0800166a   0x00000002   PAD
    0x0800166c   0x00000244   Code   RO          257    .text               system_stm32f4xx.o
    0x080018b0   0x00000040   Code   RO          284    .text               startup_stm32f429_439xx.o
    0x080018f0   0x000000e0   Code   RO          290    .text               misc.o
    0x080019d0   0x00000464   Code   RO          336    .text               stm32f4xx_adc.o
    0x08001e34   0x00000110   Code   RO          576    .text               stm32f4xx_exti.o
    0x08001f44   0x00000294   Code   RO          639    .text               stm32f4xx_gpio.o
    0x080021d8   0x00000180   Code   RO          779    .text               stm32f4xx_pwr.o
    0x08002358   0x00000660   Code   RO          799    .text               stm32f4xx_rcc.o
    0x080029b8   0x00000094   Code   RO          921    .text               stm32f4xx_syscfg.o
    0x08002a4c   0x00000ca2   Code   RO          941    .text               stm32f4xx_tim.o
    0x080036ee   0x00000002   PAD
    0x080036f0   0x00000454   Code   RO          961    .text               stm32f4xx_usart.o
    0x08003b44   0x00000104   Code   RO         1024    .text               delay.o
    0x08003c48   0x0000042e   Code   RO         1064    .text               usart.o
    0x08004076   0x00000002   PAD
    0x08004078   0x00000228   Code   RO         1101    .text               led.o
    0x080042a0   0x00000194   Code   RO         1122    .text               am2302.o
    0x08004434   0x00000168   Code   RO         1142    .text               timer.o
    0x0800459c   0x0000011a   Code   RO         1170    .text               ks103.o
    0x080046b6   0x00000002   PAD
    0x080046b8   0x00000260   Code   RO         1190    .text               ks103_iic.o
    0x08004918   0x0000016c   Code   RO         1210    .text               bh1750.o
    0x08004a84   0x00000258   Code   RO         1232    .text               iic.o
    0x08004cdc   0x0000022c   Code   RO         1276    .text               malloc.o
    0x08004f08   0x0000049e   Code   RO         1308    .text               oled.o
    0x080053a6   0x00000002   PAD
    0x080053a8   0x0000048c   Code   RO         1338    .text               ds1302.o
    0x08005834   0x000002e0   Code   RO         1366    .text               voltage.o
    0x08005b14   0x000001f8   Code   RO         1394    .text               wakeup.o
    0x08005d0c   0x00000190   Code   RO         1415    .text               ad.o
    0x08005e9c   0x000004a4   Code   RO         1438    .text               sensor.o
    0x08006340   0x00000870   Code   RO         1485    .text               nandflash.o
    0x08006bb0   0x000001cc   Code   RO         1513    .text               eeprom.o
    0x08006d7c   0x00000280   Code   RO         1533    .text               eiic.o
    0x08006ffc   0x00000958   Code   RO         1566    .text               ef_env.o
    0x08007954   0x000000dc   Code   RO         1599    .text               ef_utils.o
    0x08007a30   0x0000018c   Code   RO         1615    .text               ef_port.o
    0x08007bbc   0x00000704   Code   RO         1643    .text               ef_types.o
    0x080082c0   0x00001bee   Code   RO         1681    .text               cjson.o
    0x08009eae   0x00000002   PAD
    0x08009eb0   0x0000001c   Code   RO         1727    .text               s2j.o
    0x08009ecc   0x00000002   Code   RO         1753    .text               c_w.l(use_no_semi_2.o)
    0x08009ece   0x0000001a   Code   RO         1755    .text               c_w.l(tolower.o)
    0x08009ee8   0x00000024   Code   RO         1757    .text               c_w.l(vsprintf.o)
    0x08009f0c   0x0000002c   Code   RO         1759    .text               c_w.l(__2sprintf.o)
    0x08009f38   0x00000038   Code   RO         1761    .text               c_w.l(__2snprintf.o)
    0x08009f70   0x0000004e   Code   RO         1769    .text               c_w.l(_printf_pad.o)
    0x08009fbe   0x00000002   PAD
    0x08009fc0   0x00000078   Code   RO         1771    .text               c_w.l(_printf_dec.o)
    0x0800a038   0x00000094   Code   RO         1791    .text               c_w.l(_printf_hex_int_ll_ptr.o)
    0x0800a0cc   0x00000188   Code   RO         1811    .text               c_w.l(__printf_flags_ss_wp.o)
    0x0800a254   0x0000001a   Code   RO         1819    .text               c_w.l(atoi.o)
    0x0800a26e   0x0000001a   Code   RO         1821    .text               c_w.l(atol.o)
    0x0800a288   0x00000014   Code   RO         1823    .text               c_w.l(strchr.o)
    0x0800a29c   0x00000048   Code   RO         1825    .text               c_w.l(strcpy.o)
    0x0800a2e4   0x0000003e   Code   RO         1827    .text               c_w.l(strlen.o)
    0x0800a322   0x00000096   Code   RO         1829    .text               c_w.l(strncmp.o)
    0x0800a3b8   0x0000008a   Code   RO         1831    .text               c_w.l(rt_memcpy_v6.o)
    0x0800a442   0x00000064   Code   RO         1833    .text               c_w.l(rt_memcpy_w.o)
    0x0800a4a6   0x00000044   Code   RO         1835    .text               c_w.l(rt_memclr.o)
    0x0800a4ea   0x0000004e   Code   RO         1837    .text               c_w.l(rt_memclr_w.o)
    0x0800a538   0x00000080   Code   RO         1839    .text               c_w.l(strcmpv7m.o)
    0x0800a5b8   0x00000006   Code   RO         1841    .text               c_w.l(heapauxi.o)
    0x0800a5be   0x00000002   Code   RO         1913    .text               c_w.l(use_no_semi.o)
    0x0800a5c0   0x00000010   Code   RO         1916    .text               c_w.l(rt_ctype_table.o)
    0x0800a5d0   0x00000008   Code   RO         1921    .text               c_w.l(rt_errno_addr_intlibspace.o)
    0x0800a5d8   0x00000016   Code   RO         1923    .text               c_w.l(_rserrno.o)
    0x0800a5ee   0x00000024   Code   RO         1925    .text               c_w.l(_printf_truncate.o)
    0x0800a612   0x00000052   Code   RO         1927    .text               c_w.l(_printf_str.o)
    0x0800a664   0x000000b2   Code   RO         1929    .text               c_w.l(_printf_intcommon.o)
    0x0800a716   0x00000028   Code   RO         1931    .text               c_w.l(_printf_charcount.o)
    0x0800a73e   0x0000041a   Code   RO         1933    .text               c_w.l(_printf_fp_dec.o)
    0x0800ab58   0x00000030   Code   RO         1935    .text               c_w.l(_printf_char_common.o)
    0x0800ab88   0x0000000a   Code   RO         1937    .text               c_w.l(_sputc.o)
    0x0800ab92   0x00000010   Code   RO         1939    .text               c_w.l(_snputc.o)
    0x0800aba2   0x00000002   PAD
    0x0800aba4   0x000000bc   Code   RO         1941    .text               c_w.l(_printf_wctomb.o)
    0x0800ac60   0x0000007c   Code   RO         1944    .text               c_w.l(_printf_longlong_dec.o)
    0x0800acdc   0x00000070   Code   RO         1950    .text               c_w.l(_printf_oct_int_ll.o)
    0x0800ad4c   0x000000a0   Code   RO         1971    .text               c_w.l(strtod.o)
    0x0800adec   0x00000070   Code   RO         1973    .text               c_w.l(strtol.o)
    0x0800ae5c   0x00000008   Code   RO         2025    .text               c_w.l(libspace.o)
    0x0800ae64   0x00000008   Code   RO         2046    .text               c_w.l(rt_locale_intlibspace.o)
    0x0800ae6c   0x0000008a   Code   RO         2048    .text               c_w.l(lludiv10.o)
    0x0800aef6   0x00000012   Code   RO         2050    .text               c_w.l(isspace.o)
    0x0800af08   0x000002fc   Code   RO         2052    .text               c_w.l(_printf_fp_hex.o)
    0x0800b204   0x00000080   Code   RO         2055    .text               c_w.l(_printf_fp_infnan.o)
    0x0800b284   0x0000002c   Code   RO         2059    .text               c_w.l(_printf_char.o)
    0x0800b2b0   0x0000002c   Code   RO         2061    .text               c_w.l(_printf_wchar.o)
    0x0800b2dc   0x00000040   Code   RO         2063    .text               c_w.l(_sgetc.o)
    0x0800b31c   0x0000009e   Code   RO         2065    .text               c_w.l(_strtoul.o)
    0x0800b3ba   0x00000002   PAD
    0x0800b3bc   0x000000dc   Code   RO         2067    .text               c_w.l(bigflt0.o)
    0x0800b498   0x00000040   Code   RO         2092    .text               c_w.l(_wcrtomb.o)
    0x0800b4d8   0x0000004a   Code   RO         2108    .text               c_w.l(sys_stackheap_outer.o)
    0x0800b522   0x0000001c   Code   RO         2110    .text               c_w.l(_chval.o)
    0x0800b53e   0x00000002   PAD
    0x0800b540   0x000004a4   Code   RO         2112    .text               c_w.l(scanf_fp.o)
    0x0800b9e4   0x00000012   Code   RO         2114    .text               c_w.l(exit.o)
    0x0800b9f6   0x00000002   PAD
    0x0800b9f8   0x00000318   Code   RO         2201    .text               c_w.l(scanf_hexfp.o)
    0x0800bd10   0x00000134   Code   RO         2203    .text               c_w.l(scanf_infnan.o)
    0x0800be44   0x00000026   Code   RO         2219    .text               c_w.l(llshl.o)
    0x0800be6a   0x0000003e   Code   RO         2070    CL$$btod_d2e        c_w.l(btod.o)
    0x0800bea8   0x00000046   Code   RO         2072    CL$$btod_d2e_denorm_low  c_w.l(btod.o)
    0x0800beee   0x00000060   Code   RO         2071    CL$$btod_d2e_norm_op1  c_w.l(btod.o)
    0x0800bf4e   0x00000338   Code   RO         2080    CL$$btod_div_common  c_w.l(btod.o)
    0x0800c286   0x00000002   PAD
    0x0800c288   0x00000054   Code   RO         2078    CL$$btod_e2d        c_w.l(btod.o)
    0x0800c2dc   0x000000c6   Code   RO         2077    CL$$btod_e2e        c_w.l(btod.o)
    0x0800c3a2   0x00000028   Code   RO         2074    CL$$btod_ediv       c_w.l(btod.o)
    0x0800c3ca   0x00000028   Code   RO         2076    CL$$btod_edivd      c_w.l(btod.o)
    0x0800c3f2   0x00000028   Code   RO         2073    CL$$btod_emul       c_w.l(btod.o)
    0x0800c41a   0x00000028   Code   RO         2075    CL$$btod_emuld      c_w.l(btod.o)
    0x0800c442   0x00000244   Code   RO         2079    CL$$btod_mult_common  c_w.l(btod.o)
    0x0800c686   0x00000030   Code   RO         1897    i.__ARM_fpclassify  m_wm.l(fpclassify.o)
    0x0800c6b6   0x00000002   PAD
    0x0800c6b8   0x00000038   Code   RO         1879    i.__hardfp_atof     m_wm.l(atof.o)
    0x0800c6f0   0x00000014   Code   RO         1885    i.__hardfp_fabs     m_wm.l(fabs.o)
    0x0800c704   0x00000004   PAD
    0x0800c708   0x00000118   Code   RO         1891    i.__hardfp_floor    m_wm.l(floor.o)
    0x0800c820   0x000000d0   Code   RO         2228    i.__hardfp_ldexp    m_wm.l(ldexp.o)
    0x0800c8f0   0x00000c50   Code   RO         1899    i.__hardfp_pow      m_wm.l(pow.o)
    0x0800d540   0x000000f8   Code   RO         2010    i.__kernel_poly     m_wm.l(poly.o)
    0x0800d638   0x00000030   Code   RO         1996    i.__mathlib_dbl_divzero  m_wm.l(dunder.o)
    0x0800d668   0x00000014   Code   RO         1998    i.__mathlib_dbl_infnan2  m_wm.l(dunder.o)
    0x0800d67c   0x00000004   PAD
    0x0800d680   0x00000020   Code   RO         1999    i.__mathlib_dbl_invalid  m_wm.l(dunder.o)
    0x0800d6a0   0x00000020   Code   RO         2000    i.__mathlib_dbl_overflow  m_wm.l(dunder.o)
    0x0800d6c0   0x00000020   Code   RO         2002    i.__mathlib_dbl_underflow  m_wm.l(dunder.o)
    0x0800d6e0   0x000000b8   Code   RO         2187    i.__mathlib_narrow  m_wm.l(narrow.o)
    0x0800d798   0x00000014   Code   RO         2230    i.__support_ldexp   m_wm.l(ldexp.o)
    0x0800d7ac   0x0000000e   Code   RO         1804    i._is_digit         c_w.l(__printf_wp.o)
    0x0800d7ba   0x00000018   Code   RO         1887    i.fabs              m_wm.l(fabs.o)
    0x0800d7d2   0x00000006   PAD
    0x0800d7d8   0x0000008c   Code   RO         2211    i.frexp             m_wm.l(frexp.o)
    0x0800d864   0x0000006e   Code   RO         2015    i.sqrt              m_wm.l(sqrt.o)
    0x0800d8d2   0x00000002   PAD
    0x0800d8d4   0x0000002c   Code   RO         2095    locale$$code        c_w.l(lc_ctype_c.o)
    0x0800d900   0x0000002c   Code   RO         2098    locale$$code        c_w.l(lc_numeric_c.o)
    0x0800d92c   0x00000018   Code   RO         1975    x$fpl$basic         fz_wm.l(basic.o)
    0x0800d944   0x00000062   Code   RO         1845    x$fpl$d2f           fz_wm.l(d2f.o)
    0x0800d9a6   0x00000002   PAD
    0x0800d9a8   0x00000150   Code   RO         1847    x$fpl$dadd          fz_wm.l(daddsub_clz.o)
    0x0800daf8   0x00000010   Code   RO         2100    x$fpl$dcheck1       fz_wm.l(dcheck1.o)
    0x0800db08   0x00000018   Code   RO         1977    x$fpl$dcmpinf       fz_wm.l(dcmpi.o)
    0x0800db20   0x000002b0   Code   RO         1854    x$fpl$ddiv          fz_wm.l(ddiv.o)
    0x0800ddd0   0x00000078   Code   RO         1857    x$fpl$deqf          fz_wm.l(deqf.o)
    0x0800de48   0x0000005e   Code   RO         1859    x$fpl$dfix          fz_wm.l(dfix.o)
    0x0800dea6   0x0000002e   Code   RO         1864    x$fpl$dflt          fz_wm.l(dflt_clz.o)
    0x0800ded4   0x00000026   Code   RO         1863    x$fpl$dfltu         fz_wm.l(dflt_clz.o)
    0x0800defa   0x00000002   PAD
    0x0800defc   0x00000078   Code   RO         1869    x$fpl$dleqf         fz_wm.l(dleqf.o)
    0x0800df74   0x00000154   Code   RO         1871    x$fpl$dmul          fz_wm.l(dmul.o)
    0x0800e0c8   0x0000009c   Code   RO         1979    x$fpl$dnaninf       fz_wm.l(dnaninf.o)
    0x0800e164   0x0000000c   Code   RO         1981    x$fpl$dretinf       fz_wm.l(dretinf.o)
    0x0800e170   0x0000006c   Code   RO         1873    x$fpl$drleqf        fz_wm.l(drleqf.o)
    0x0800e1dc   0x00000016   Code   RO         1848    x$fpl$drsb          fz_wm.l(daddsub_clz.o)
    0x0800e1f2   0x00000002   PAD
    0x0800e1f4   0x00000198   Code   RO         2102    x$fpl$dsqrt         fz_wm.l(dsqrt_umaal.o)
    0x0800e38c   0x000001d4   Code   RO         1849    x$fpl$dsub          fz_wm.l(daddsub_clz.o)
    0x0800e560   0x00000056   Code   RO         1875    x$fpl$f2d           fz_wm.l(f2d.o)
    0x0800e5b6   0x0000008c   Code   RO         1983    x$fpl$fnaninf       fz_wm.l(fnaninf.o)
    0x0800e642   0x0000000a   Code   RO         2176    x$fpl$fpinit        fz_wm.l(fpinit.o)
    0x0800e64c   0x0000000a   Code   RO         1985    x$fpl$fretinf       fz_wm.l(fretinf.o)
    0x0800e656   0x00000004   Code   RO         1877    x$fpl$printf1       fz_wm.l(printf1.o)
    0x0800e65a   0x00000004   Code   RO         1987    x$fpl$printf2       fz_wm.l(printf2.o)
    0x0800e65e   0x00000064   Code   RO         2167    x$fpl$retnan        fz_wm.l(retnan.o)
    0x0800e6c2   0x0000005c   Code   RO         1993    x$fpl$scalbn        fz_wm.l(scalbn.o)
    0x0800e71e   0x00000004   Code   RO         2106    x$fpl$scanf1        fz_wm.l(scanf1.o)
    0x0800e722   0x00000008   Code   RO         2178    x$fpl$scanf2        fz_wm.l(scanf2.o)
    0x0800e72a   0x00000030   Code   RO         2184    x$fpl$trapveneer    fz_wm.l(trapv.o)
    0x0800e75a   0x00000000   Code   RO         1995    x$fpl$usenofp       fz_wm.l(usenofp.o)
    0x0800e75a   0x00000002   PAD
    0x0800e75c   0x00000024   Data   RO         1282    .constdata          malloc.o
    0x0800e780   0x00000818   Data   RO         1309    .constdata          oled.o
    0x0800ef98   0x0000000c   Data   RO         1340    .constdata          ds1302.o
    0x0800efa4   0x00000200   Data   RO         1368    .constdata          voltage.o
    0x0800f1a4   0x0000002c   Data   RO         1487    .constdata          nandflash.o
    0x0800f1d0   0x00000032   Data   RO         1568    .constdata          ef_env.o
    0x0800f202   0x00000002   PAD
    0x0800f204   0x0000041b   Data   RO         1600    .constdata          ef_utils.o
    0x0800f61f   0x00000001   PAD
    0x0800f620   0x00000051   Data   RO         1616    .constdata          ef_port.o
    0x0800f671   0x0000001a   Data   RO         1644    .constdata          ef_types.o
    0x0800f68b   0x00000007   Data   RO         1682    .constdata          cjson.o
    0x0800f692   0x00000028   Data   RO         1792    .constdata          c_w.l(_printf_hex_int_ll_ptr.o)
    0x0800f6ba   0x00000011   Data   RO         1812    .constdata          c_w.l(__printf_flags_ss_wp.o)
    0x0800f6cb   0x00000005   PAD
    0x0800f6d0   0x00000088   Data   RO         1902    .constdata          m_wm.l(pow.o)
    0x0800f758   0x00000008   Data   RO         1942    .constdata          c_w.l(_printf_wctomb.o)
    0x0800f760   0x00000008   Data   RO         2012    .constdata          m_wm.l(qnan.o)
    0x0800f768   0x00000026   Data   RO         2053    .constdata          c_w.l(_printf_fp_hex.o)
    0x0800f78e   0x00000002   PAD
    0x0800f790   0x00000094   Data   RO         2068    .constdata          c_w.l(bigflt0.o)
    0x0800f824   0x0000005e   Data   RO         1569    .conststring        ef_env.o
    0x0800f882   0x00000002   PAD
    0x0800f884   0x0000005b   Data   RO         1617    .conststring        ef_port.o
    0x0800f8df   0x00000001   PAD
    0x0800f8e0   0x00000020   Data   RO         2291    Region$$Table       anon$$obj.o
    0x0800f900   0x00000008   Data   RO         2173    c$$dinf             fz_wm.l(fpconst.o)
    0x0800f908   0x00000110   Data   RO         2094    locale$$data        c_w.l(lc_ctype_c.o)
    0x0800fa18   0x0000001c   Data   RO         2097    locale$$data        c_w.l(lc_numeric_c.o)


    Execution Region RW_IRAM1 (Base: 0x20000000, Size: 0x0001e328, Max: 0x00030000, ABSOLUTE, COMPRESSED[0x000005e4])

    Base Addr    Size         Type   Attr      Idx    E Section Name        Object

    0x20000000   0x00000048   Data   RW            4    .data               main.o
    0x20000048   0x00000014   Data   RW          258    .data               system_stm32f4xx.o
    0x2000005c   0x00000010   Data   RW          800    .data               stm32f4xx_rcc.o
    0x2000006c   0x00000004   Data   RW         1025    .data               delay.o
    0x20000070   0x0000000a   Data   RW         1066    .data               usart.o
    0x2000007a   0x00000001   Data   RW         1102    .data               led.o
    0x2000007b   0x00000001   PAD
    0x2000007c   0x00000004   Data   RW         1143    .data               timer.o
    0x20000080   0x00000002   Data   RW         1211    .data               bh1750.o
    0x20000082   0x00000002   PAD
    0x20000084   0x00000024   Data   RW         1283    .data               malloc.o
    0x200000a8   0x00000cc0   Data   RW         1310    .data               oled.o
    0x20000d68   0x00000015   Data   RW         1369    .data               voltage.o
    0x20000d7d   0x00000003   PAD
    0x20000d80   0x00000060   Data   RW         1416    .data               ad.o
    0x20000de0   0x00000008   Data   RW         1488    .data               nandflash.o
    0x20000de8   0x00000018   Data   RW         1570    .data               ef_env.o
    0x20000e00   0x0000000c   Data   RW         1683    .data               cjson.o
    0x20000e0c   0x00000008   Data   RW         1728    .data               s2j.o
    0x20000e14   0x00000004   PAD
    0x20000e18   0x000002c8   Zero   RW         1065    .bss                usart.o
    0x200010e0   0x0001a900   Zero   RW         1281    .bss                malloc.o
    0x2001b9e0   0x00000014   Zero   RW         1339    .bss                ds1302.o
    0x2001b9f4   0x000000c8   Zero   RW         1367    .bss                voltage.o
    0x2001babc   0x0000100a   Zero   RW         1486    .bss                nandflash.o
    0x2001cac6   0x00000002   PAD
    0x2001cac8   0x00000800   Zero   RW         1567    .bss                ef_env.o
    0x2001d2c8   0x00000060   Zero   RW         2026    .bss                c_w.l(libspace.o)
    0x2001d328   0x00000800   Zero   RW          282    HEAP                startup_stm32f429_439xx.o
    0x2001db28   0x00000800   Zero   RW          281    STACK               startup_stm32f429_439xx.o



  Load Region LR$$.ARM.__AT_0x10000000 (Base: 0x10000000, Size: 0x00000000, Max: 0x0000f000, ABSOLUTE)

    Execution Region ER$$.ARM.__AT_0x10000000 (Base: 0x10000000, Size: 0x0000f000, Max: 0x0000f000, ABSOLUTE, UNINIT)

    Base Addr    Size         Type   Attr      Idx    E Section Name        Object

    0x10000000   0x0000f000   Zero   RW         1277    .ARM.__AT_0x10000000  malloc.o



  Load Region LR$$.ARM.__AT_0x1000F000 (Base: 0x1000f000, Size: 0x00000000, Max: 0x00000f00, ABSOLUTE)

    Execution Region ER$$.ARM.__AT_0x1000F000 (Base: 0x1000f000, Size: 0x00000f00, Max: 0x00000f00, ABSOLUTE, UNINIT)

    Base Addr    Size         Type   Attr      Idx    E Section Name        Object

    0x1000f000   0x00000f00   Zero   RW         1278    .ARM.__AT_0x1000F000  malloc.o



  Load Region LR$$.ARM.__AT_0xD0000000 (Base: 0xd0000000, Size: 0x00000000, Max: 0x00400000, ABSOLUTE)

    Execution Region ER$$.ARM.__AT_0xD0000000 (Base: 0xd0000000, Size: 0x00400000, Max: 0x00400000, ABSOLUTE, UNINIT)

    Base Addr    Size         Type   Attr      Idx    E Section Name        Object

    0xd0000000   0x00400000   Zero   RW         1279    .ARM.__AT_0xD0000000  malloc.o



  Load Region LR$$.ARM.__AT_0xD0400000 (Base: 0xd0400000, Size: 0x00000000, Max: 0x00040000, ABSOLUTE)

    Execution Region ER$$.ARM.__AT_0xD0400000 (Base: 0xd0400000, Size: 0x00040000, Max: 0x00040000, ABSOLUTE, UNINIT)

    Base Addr    Size         Type   Attr      Idx    E Section Name        Object

    0xd0400000   0x00040000   Zero   RW         1280    .ARM.__AT_0xD0400000  malloc.o


==============================================================================

Image component sizes


      Code (inc. data)   RO Data    RW Data    ZI Data      Debug   Object Name

       400         22          0         96          0       2317   ad.o
       404         14          0          0          0       2299   am2302.o
       364         18          0          2          0       1931   bh1750.o
      7150        244          7         12          0      28415   cjson.o
       260          8          0          4          0       1461   delay.o
      1164         60         12          0         20       4836   ds1302.o
       460         12          0          0          0       3142   eeprom.o
      2392        704        144         24       2048       7655   ef_env.o
       396        146        172          0          0       3578   ef_port.o
      1796        230         26          0          0      17748   ef_types.o
       220          4       1051          0          0       2384   ef_utils.o
       640         12          0          0          0       1960   eiic.o
       600         12          0          0          0       1912   iic.o
       282          0          0          0          0       1863   ks103.o
       608         14          0          0          0       1936   ks103_iic.o
       552         24          0          1          0       1303   led.o
      4888        344          0         72          0     299287   main.o
       556         18         36         36    4630528       5029   malloc.o
       224         20          0          0          0     253525   misc.o
      2160        120         44          8       4106       8582   nandflash.o
      1182         18       2072       3264          0       4933   oled.o
        28          8          0          8          0       1289   s2j.o
      1188         92          0          0          0      11938   sensor.o
        64         26        428          0       4096        824   startup_stm32f429_439xx.o
      1124         24          0          0          0      10670   stm32f4xx_adc.o
       272         10          0          0          0       2271   stm32f4xx_exti.o
       660         44          0          0          0       4141   stm32f4xx_gpio.o
        18          0          0          0          0       1194   stm32f4xx_it.o
       384         12          0          0          0       3795   stm32f4xx_pwr.o
      1632         54          0         16          0      13068   stm32f4xx_rcc.o
       148         12          0          0          0       1837   stm32f4xx_syscfg.o
      3234         60          0          0          0      22996   stm32f4xx_tim.o
      1108         34          0          0          0       7864   stm32f4xx_usart.o
       580         46          0         20          0       1779   system_stm32f4xx.o
       360         36          0          4          0       1540   timer.o
      1070         42          0         10        712       5804   usart.o
       736         68        512         21        200       3865   voltage.o
       504         60          0          0          0       1233   wakeup.o

    ----------------------------------------------------------------------
     39820       2672       4542       3604    4641716     752204   Object Totals
         0          0         32          0          0          0   (incl. Generated)
        12          0          6          6          6          0   (incl. Padding)

    ----------------------------------------------------------------------

      Code (inc. data)   RO Data    RW Data    ZI Data      Debug   Library Member Name

        56          6          0          0          0         88   __2snprintf.o
        44          6          0          0          0         84   __2sprintf.o
       100          0          0          0          0          0   __dclz77c.o
         8          0          0          0          0         68   __main.o
       392          4         17          0          0         92   __printf_flags_ss_wp.o
        14          0          0          0          0         68   __printf_wp.o
         0          0          0          0          0          0   __rtentry.o
        12          0          0          0          0          0   __rtentry2.o
         6          0          0          0          0          0   __rtentry4.o
        52          8          0          0          0          0   __scatter.o
        28          0          0          0          0          0   __scatter_zi.o
        28          0          0          0          0         68   _chval.o
         6          0          0          0          0          0   _printf_a.o
         6          0          0          0          0          0   _printf_c.o
        44          0          0          0          0        108   _printf_char.o
        48          6          0          0          0         96   _printf_char_common.o
        40          0          0          0          0         68   _printf_charcount.o
         6          0          0          0          0          0   _printf_d.o
       120         16          0          0          0         92   _printf_dec.o
         6          0          0          0          0          0   _printf_e.o
         6          0          0          0          0          0   _printf_f.o
      1050          0          0          0          0        216   _printf_fp_dec.o
       764         10         38          0          0        100   _printf_fp_hex.o
       128         16          0          0          0         84   _printf_fp_infnan.o
         6          0          0          0          0          0   _printf_g.o
       148          4         40          0          0        160   _printf_hex_int_ll_ptr.o
         6          0          0          0          0          0   _printf_i.o
       178          0          0          0          0         88   _printf_intcommon.o
        10          0          0          0          0          0   _printf_l.o
         6          0          0          0          0          0   _printf_lc.o
        10          0          0          0          0          0   _printf_ll.o
         6          0          0          0          0          0   _printf_lld.o
         6          0          0          0          0          0   _printf_lli.o
         6          0          0          0          0          0   _printf_llo.o
         6          0          0          0          0          0   _printf_llu.o
         6          0          0          0          0          0   _printf_llx.o
       124         16          0          0          0         92   _printf_longlong_dec.o
         6          0          0          0          0          0   _printf_ls.o
         6          0          0          0          0          0   _printf_n.o
         6          0          0          0          0          0   _printf_o.o
       112          8          0          0          0        124   _printf_oct_int_ll.o
         6          0          0          0          0          0   _printf_p.o
        78          0          0          0          0        108   _printf_pad.o
         0          0          0          0          0          0   _printf_percent.o
         4          0          0          0          0          0   _printf_percent_end.o
         6          0          0          0          0          0   _printf_s.o
        82          0          0          0          0         80   _printf_str.o
        36          0          0          0          0         84   _printf_truncate.o
         6          0          0          0          0          0   _printf_u.o
        44          0          0          0          0        108   _printf_wchar.o
       188          6          8          0          0         92   _printf_wctomb.o
         6          0          0          0          0          0   _printf_x.o
        22          0          0          0          0        100   _rserrno.o
        64          0          0          0          0         84   _sgetc.o
        16          0          0          0          0         68   _snputc.o
        10          0          0          0          0         68   _sputc.o
       158          0          0          0          0         92   _strtoul.o
        64          0          0          0          0         92   _wcrtomb.o
        26          0          0          0          0         80   atoi.o
        26          0          0          0          0         80   atol.o
       220          4        148          0          0         96   bigflt0.o
      2074        132          0          0          0        940   btod.o
        18          0          0          0          0         80   exit.o
         6          0          0          0          0        152   heapauxi.o
        18          0          0          0          0         76   isspace.o
        44         10        272          0          0         76   lc_ctype_c.o
        44         10         28          0          0         76   lc_numeric_c.o
         2          0          0          0          0          0   libinit.o
        34          0          0          0          0          0   libinit2.o
         2          0          0          0          0          0   libshutdown.o
         2          0          0          0          0          0   libshutdown2.o
         8          4          0          0         96         68   libspace.o
        38          0          0          0          0         68   llshl.o
       138          0          0          0          0         80   lludiv10.o
        16          4          0          0          0         76   rt_ctype_table.o
         8          4          0          0          0         68   rt_errno_addr_intlibspace.o
         8          4          0          0          0         68   rt_locale_intlibspace.o
        68          0          0          0          0         68   rt_memclr.o
        78          0          0          0          0         80   rt_memclr_w.o
       138          0          0          0          0         68   rt_memcpy_v6.o
       100          0          0          0          0         80   rt_memcpy_w.o
         2          0          0          0          0          0   rtexit.o
        10          0          0          0          0          0   rtexit2.o
      1188         12          0          0          0        148   scanf_fp.o
       792         14          0          0          0        100   scanf_hexfp.o
       308         16          0          0          0        100   scanf_infnan.o
        20          0          0          0          0         68   strchr.o
       128          0          0          0          0         68   strcmpv7m.o
        72          0          0          0          0         80   strcpy.o
        62          0          0          0          0         76   strlen.o
       150          0          0          0          0         80   strncmp.o
       160         12          0          0          0        120   strtod.o
       112          0          0          0          0         88   strtol.o
        74          0          0          0          0         80   sys_stackheap_outer.o
        26          0          0          0          0         76   tolower.o
         2          0          0          0          0         68   use_no_semi.o
         2          0          0          0          0         68   use_no_semi_2.o
        36          4          0          0          0         76   vsprintf.o
        24          0          0          0          0        164   basic.o
        98          4          0          0          0        140   d2f.o
       826         16          0          0          0        492   daddsub_clz.o
        16          4          0          0          0        116   dcheck1.o
        24          0          0          0          0        116   dcmpi.o
       688        140          0          0          0        256   ddiv.o
       120          4          0          0          0        140   deqf.o
        94          4          0          0          0        140   dfix.o
        84          0          0          0          0        232   dflt_clz.o
       120          4          0          0          0        140   dleqf.o
       340         12          0          0          0        152   dmul.o
       156          4          0          0          0        140   dnaninf.o
        12          0          0          0          0        116   dretinf.o
       108          0          0          0          0        128   drleqf.o
       408         56          0          0          0        168   dsqrt_umaal.o
        86          4          0          0          0        132   f2d.o
       140          4          0          0          0        132   fnaninf.o
         0          0          8          0          0          0   fpconst.o
        10          0          0          0          0        116   fpinit.o
        10          0          0          0          0        116   fretinf.o
         4          0          0          0          0        116   printf1.o
         4          0          0          0          0        116   printf2.o
       100          0          0          0          0        116   retnan.o
        92          0          0          0          0        116   scalbn.o
         4          0          0          0          0        116   scanf1.o
         8          0          0          0          0        132   scanf2.o
        48          0          0          0          0        116   trapv.o
         0          0          0          0          0          0   usenofp.o
        56         12          0          0          0        132   atof.o
       164         44          0          0          0        620   dunder.o
        44          0          0          0          0        248   fabs.o
       280         28          0          0          0        156   floor.o
        48          0          0          0          0        124   fpclassify.o
       140         22          0          0          0        132   frexp.o
       228          8          0          0          0        308   ldexp.o
       184         18          0          0          0        152   narrow.o
       248          0          0          0          0        152   poly.o
      3152        296        136          0          0        352   pow.o
         0          0          8          0          0          0   qnan.o
       110          0          0          0          0        148   sqrt.o

    ----------------------------------------------------------------------
     18980       1022        710          0         96      12836   Library Totals
        40          2          7          0          0          0   (incl. Padding)

    ----------------------------------------------------------------------

      Code (inc. data)   RO Data    RW Data    ZI Data      Debug   Library Name

     10662        336        551          0         96       6348   c_w.l
      3624        256          8          0          0       3964   fz_wm.l
      4654        428        144          0          0       2524   m_wm.l

    ----------------------------------------------------------------------
     18980       1022        710          0         96      12836   Library Totals

    ----------------------------------------------------------------------

==============================================================================


      Code (inc. data)   RO Data    RW Data    ZI Data      Debug   

     58800       3694       5252       3604    4641812     749552   Grand Totals
     58800       3694       5252       1508    4641812     749552   ELF Image Totals (compressed)
     58800       3694       5252       1508          0          0   ROM Totals

==============================================================================

    Total RO  Size (Code + RO Data)                64052 (  62.55kB)
    Total RW  Size (RW Data + ZI Data)           4645416 (4536.54kB)
    Total ROM Size (Code + RO Data + RW Data)      65560 (  64.02kB)

==============================================================================

